// Jest Snapshot v1, https://goo.gl/fbAQLP

exports[`render <EditPurposes /> 1`] = `
<div
  className="sc-gzVnrw dUjKSS"
/>
`;
