// Jest Snapshot v1, https://goo.gl/fbAQLP

exports[`render <StatusButton /> 1`] = `
<button
  className="sc-htpNat iyhoTW"
  data-active={true}
  fontSize={28}
  height={56}
  onClick={[Function]}
  width={210}
>
  <div
    className="sc-EHOje jfyosa"
  >
    ブロック中
  </div>
</button>
`;
