// Jest Snapshot v1, https://goo.gl/fbAQLP

exports[`render <Signout /> 1`] = `
<div
  className="sc-jTzLTM dMEaru"
>
  <div
    className="sc-VigVT kaYUeB"
  >
    <div
      className="sc-gZMcBi fxOrEW"
    >
      本当にログアウトしますか？
    </div>
  </div>
  <div
    className="sc-fjdhpX eIDOHw"
  >
    <button
      className="sc-bZQynM iiToMd"
      data-active={true}
      fontSize={40}
      height={112}
      onClick={[Function]}
      width={272}
    >
      <div
        className="sc-iwsKbI lgKvmV"
      >
        いいえ
      </div>
    </button>
    <button
      className="sc-EHOje dyvxUy"
      data-active={true}
      fontSize={40}
      height={112}
      onClick={[Function]}
      width={272}
    >
      <div
        className="sc-iwsKbI lgKvmV"
      >
        はい
      </div>
    </button>
  </div>
</div>
`;
