// Jest Snapshot v1, https://goo.gl/fbAQLP

exports[`render <Stars /> 1`] = `
<div
  className="sc-Rmtcm bUtVHS"
>
  <button
    className="sc-jlyJG kiJKwJ"
    onClick={[Function]}
  />
  <button
    className="sc-csuQGl CmESQ"
    onClick={[Function]}
  />
</div>
`;
