// Jest Snapshot v1, https://goo.gl/fbAQLP

exports[`render <PurposeButtons /> 1`] = `
<div
  className="sc-bdVaJa gHvLkt"
/>
`;
