// Jest Snapshot v1, https://goo.gl/fbAQLP

exports[`render <StudentsReservationsDetail /> 1`] = `
<div
  className="sc-kfGgVZ jUKGSD"
>
  <div
    className="sc-gzOgki jWhNJg"
  >
    <div
      className="sc-iyvyFf fRMUbz"
    >
      <div
        className="sc-chPdSV cZGCoi"
      >
        <img
          className="sc-kgoBCf fifhBG"
          src="/assets/img/students/reservation-detail/calendar@3x.png"
        />
        <div
          className="sc-kGXeez cTmJVs"
        >
          <div
            className="sc-kpOJdX jdsNAc"
          >
            Invalid date
          </div>
          <div
            className="sc-dxgOiQ fQUuGa"
          >
            Invalid date - Invalid date
          </div>
        </div>
      </div>
      <div
        className="sc-hwwEjo esIZPW"
      >
        <button
          className="sc-bdVaJa kuHVnS"
          data-active={false}
          fontSize={32}
          height={88}
          onClick={[Function]}
          type="blue"
          width={492}
        >
          Confirm
        </button>
      </div>
    </div>
  </div>
  <header
    className="sc-gqjmRU kcRKOT"
  >
    <div
      className="sc-VigVT pzGHc"
    >
      Reservation
    </div>
    <div
      className="sc-jTzLTM fHTCdL"
      onClick={[Function]}
    />
    <div
      className="sc-jzJRlG ighpgv"
      onClick={[Function]}
    >
      Cancel
    </div>
  </header>
</div>
`;
